// Jest Snapshot v1, https://goo.gl/fbAQLP

exports[`CloseButton component render properly 1`] = `
<DocumentFragment>
  .c0 {
  display: -webkit-box;
  display: -webkit-flex;
  display: -ms-flexbox;
  display: flex;
  -webkit-box-pack: end;
  -webkit-justify-content: flex-end;
  -ms-flex-pack: end;
  justify-content: flex-end;
  margin: 0.5rem 0;
}

.c0 button {
  font-size: 1.2rem;
  font-weight: bold;
  border: none;
  background-color: transparent;
}

<div
    class="c0"
  >
    <button
      type="button"
    >
      ✖
    </button>
  </div>
</DocumentFragment>
`;
