// Jest Snapshot v1, https://goo.gl/fbAQLP

exports[`Card should match the snapshot 1`] = `
<DocumentFragment>
  .c2 {
  background: transparent;
  border: none;
  display: inline-block;
  width: auto;
  border-right: none none #A3BAC3;
  border-left: none none #A3BAC3;
  color: #1F2023;
  font-size: 1.25rem;
  -webkit-transform: none;
  -ms-transform: none;
  transform: none;
  cursor: pointer;
}

.c2:disabled {
  color: #aaa;
}

.c9 {
  background: transparent;
  border: none;
  display: inline-block;
  width: auto;
  border-right: none none #A3BAC3;
  border-left: none none #A3BAC3;
  color: #d1b03b;
  font-size: medium;
  -webkit-transform: none;
  -ms-transform: none;
  transform: none;
  cursor: pointer;
}

.c9:disabled {
  color: #aaa;
}

.c16 {
  background: transparent;
  border: none;
  display: inline-block;
  width: 33%;
  border-right: 1px solid #A3BAC3;
  border-left: none none #A3BAC3;
  color: #3d73bf;
  font-size: 1.25rem;
  -webkit-transform: none;
  -ms-transform: none;
  transform: none;
  cursor: pointer;
}

.c16:disabled {
  color: #aaa;
}

.c17 {
  background: transparent;
  border: none;
  display: inline-block;
  width: 33%;
  border-right: none none #A3BAC3;
  border-left: 1px solid #A3BAC3;
  color: #3d73bf;
  font-size: 1.25rem;
  -webkit-transform: rotate(180deg);
  -ms-transform: rotate(180deg);
  transform: rotate(180deg);
  cursor: pointer;
}

.c17:disabled {
  color: #aaa;
}

.c18 {
  background: transparent;
  border: none;
  display: inline-block;
  width: 33%;
  border-right: none none #A3BAC3;
  border-left: none none #A3BAC3;
  color: #3d73bf;
  font-size: 1.25rem;
  -webkit-transform: none;
  -ms-transform: none;
  transform: none;
  cursor: pointer;
}

.c18:disabled {
  color: #aaa;
}

.c15 {
  text-align: center;
  font-size: 20px;
  margin: 0 0.4rem;
}

.c0 {
  padding: 0 0 0.4rem 0;
  color: #1f2023;
  background: #d0d8e8;
  font-size: 0.9rem;
  font-weight: 400;
  margin-bottom: 0.9rem;
}

.c12 {
  margin: auto;
  position: absolute;
  top: 0;
  right: 0;
  bottom: 0;
  left: 0;
  width: 6.87rem;
  height: 2.81rem;
  color: #fff;
  font-size: 1.25rem;
  font-weight: 500;
  cursor: pointer;
  background-color: rgba(208,216,232,0.32);
  -webkit-user-select: none;
  -moz-user-select: none;
  -ms-user-select: none;
  user-select: none;
  border: none;
  -webkit-transition: -webkit-transform 0.05s;
  -webkit-transition: transform 0.05s;
  transition: transform 0.05s;
}

.c12:active {
  -webkit-transform: scale(0.96);
  -ms-transform: scale(0.96);
  transform: scale(0.96);
}

.c11 {
  position: relative;
  min-height: 150px;
  margin: 0 0 5px 0;
  background: #1f2023;
  background: url(/path/to/default.img);
  background-size: cover;
  background-position: center;
}

.c13 {
  color: inherit;
  font-size: inherit;
  margin: 0 0.4rem;
}

.c10 {
  margin: 5px 0;
}

.c1 {
  font-family: 'Helvetica Neue',Helvetica,Arial,sans-serif;
  display: -webkit-box;
  display: -webkit-flex;
  display: -ms-flexbox;
  display: flex;
  -webkit-box-pack: end;
  -webkit-justify-content: flex-end;
  -ms-flex-pack: end;
  justify-content: flex-end;
}

.c14 {
  color: inherit;
  font-size: inherit;
  margin: 0 0.4rem;
}

.c7 {
  font-weight: 500;
  color: inherit;
  font-size: 1rem;
}

.c7 a {
  color: #4472ca;
  -webkit-text-decoration: none;
  text-decoration: none;
}

.c7 a:visited {
  color: #9999ca;
}

.c7 a:hover {
  color: #9999ca;
  -webkit-text-decoration: underline;
  text-decoration: underline;
}

.c7 a:active {
  color: #9999ca;
}

.c6 {
  display: -webkit-box;
  display: -webkit-flex;
  display: -ms-flexbox;
  display: flex;
  -webkit-box-pack: justify;
  -webkit-justify-content: space-between;
  -ms-flex-pack: justify;
  justify-content: space-between;
}

.c8 {
  color: inherit;
  font-size: inherit;
  display: inline;
  line-height: 1.5rem;
}

.c8:disabled {
  background: #aaa;
}

.c5 {
  font-weight: 500;
  color: inherit;
  font-size: inherit;
}

.c5 span {
  color: #636363;
  font-weight: 500;
}

.c5 a {
  font-weight: 400;
  color: #636363;
  -webkit-text-decoration: none;
  text-decoration: none;
}

.c5 a:visited {
  color: #9c9c9c;
}

.c5 a:hover {
  color: #9c9c9c;
  -webkit-text-decoration: underline;
  text-decoration: underline;
}

.c5 a:active {
  color: #9c9c9c;
}

.c4 {
  text-transform: uppercase;
  font-weight: 500;
  color: #4472ca;
  font-size: 1.125rem;
}

.c3 {
  margin: 0 0.4rem;
}

<div
    class="c0"
  >
    <div
      class="c1"
    >
      <button
        class="c2"
        role="button"
        tabindex="0"
      >
        <i
          class="icon-ellipsis"
        />
      </button>
    </div>
    <div
      class="c3"
    >
      <div
        class="c4"
      >
        id quis consectetur veniam nisi magna duis fugiat
      </div>
      <div
        class="c5"
        id="tags"
      >
        Tags: 
        <a
          href="/tag/non eiusmod"
        >
          non eiusmod
        </a>
        <span>
          , 
        </span>
        <a
          href="/tag/cupidatat sit"
        >
          cupidatat sit
        </a>
        <span>
          , 
        </span>
        <a
          href="/tag/ex"
        >
          ex
        </a>
        <span>
          , 
        </span>
        <a
          href="/tag/sint"
        >
          sint
        </a>
        <span>
          , 
        </span>
        <a
          href="/tag/in"
        >
          in
        </a>
      </div>
      <div
        class="c6"
      >
        <div
          class="c7"
        >
          Author: 
          <a
            href="/user/5d5c4546a6bab91d887208f7"
          >
            5d5c4546a6bab91d887208f7
          </a>
        </div>
        <div
          class="c8"
        >
          746
          <button
            class="c9"
            disabled=""
            role="button"
            tabindex="0"
            type="button"
          >
            <i
              class="icon-star-empty"
            />
          </button>
        </div>
      </div>
    </div>
    <div
      class="c10"
    >
      <figure>
        <div
          alt="Mode picture"
          class="c11"
        >
          <button
            class="c12"
            tabindex="0"
            type="button"
          >
            htXjj
          </button>
        </div>
        <figcaption>
          <div
            class="c13"
          >
            Culpa exercitation irure consectetur irure cillum.
          </div>
        </figcaption>
      </figure>
    </div>
    <div
      class="c14"
    >
      9894 Points
    </div>
    <div
      class="c15"
    >
      <button
        class="c16"
        disabled=""
        role="button"
        tabindex="0"
        type="button"
      >
        <i
          class="icon-heart"
        />
      </button>
      <button
        class="c17"
        disabled=""
        role="button"
        tabindex="0"
        type="button"
      >
        <i
          class="icon-heart"
        />
      </button>
      <button
        class="c18"
        disabled=""
        role="button"
        tabindex="0"
        type="button"
      >
        <i
          class="icon-comment"
        />
      </button>
    </div>
  </div>
</DocumentFragment>
`;
