// Jest Snapshot v1, https://goo.gl/fbAQLP

exports[`LoginForm component should render properly 1`] = `
<DocumentFragment>
  .c1 {
  display: -webkit-box;
  display: -webkit-flex;
  display: -ms-flexbox;
  display: flex;
  -webkit-box-pack: end;
  -webkit-justify-content: flex-end;
  -ms-flex-pack: end;
  justify-content: flex-end;
  margin: 0.5rem 0;
}

.c1 button {
  font-size: 1.2rem;
  font-weight: bold;
  border: none;
  background-color: transparent;
}

.c4 {
  font-family: 'Roboto','Helvetica','Arial',sans-serif;
  padding: 0.5rem;
  box-shadow: 0.1rem 0.1rem 0.2rem rgba(0,0,0,0.3);
  border: none;
  background: #1877f2;
  color: #fff;
  cursor: pointer;
  -webkit-user-select: none;
  -moz-user-select: none;
  -ms-user-select: none;
  user-select: none;
  font-size: 1rem;
}

.c4:hover {
  background: #188fff;
}

.c5 {
  display: inline-block;
  margin-right: 0.5rem;
  font-size: 1.5rem;
}

.c6 {
  display: inline-block;
  vertical-align: top;
  line-height: 1.5;
  font-weight: 500;
}

.c0 {
  display: block;
  padding: 0.75rem;
  background-color: #fff;
}

.c3 {
  margin: 0.5rem 0;
  color: #999;
}

.c2 {
  margin: 0.5rem 0;
  font-size: 2rem;
  font-weight: bold;
}

<div
    class="c0"
  >
    <div
      class="c1"
    >
      <button
        type="button"
      >
        ✖
      </button>
    </div>
    <h2
      class="c2"
      id="Login"
    >
      Login
    </h2>
    <p
      class="c3"
    >
      Connect with Facebook.
    </p>
    <button
      class="c4"
      type="button"
    >
      <span
        class="fab fa-facebook c5"
      />
      <span
        class="c6"
      >
        Continue with facebook
      </span>
    </button>
  </div>
</DocumentFragment>
`;
