// Jest Snapshot v1, https://goo.gl/fbAQLP

exports[`LoginButton component should render Log in button properly 1`] = `
<DocumentFragment>
  <button
    aria-label="login button"
    class="MuiButtonBase-root MuiButton-root makeStyles-loginButton-1 MuiButton-outlined MuiButton-colorInherit"
    tabindex="0"
    type="button"
  >
    <span
      class="MuiButton-label"
    >
      Log in
    </span>
    <span
      class="MuiTouchRipple-root"
    />
  </button>
  <div
    aria-labelledby="Login"
    class="sc-ifAKCX hlLCqj"
    role="dialog"
  >
    <div
      class="sc-bwzfXH bnjrsz"
    >
      <div
        class="sc-bdVaJa ScFAK"
      >
        <button
          type="button"
        >
          ✖
        </button>
      </div>
      <h2
        class="sc-bxivhb lhBhQM"
        id="Login"
      >
        Login
      </h2>
      <p
        class="sc-htpNat gcwpxS"
      >
        Connect with facebook account.
      </p>
    </div>
  </div>
</DocumentFragment>
`;
