// Jest Snapshot v1, https://goo.gl/fbAQLP

exports[`LoginButton component should render Log in button properly 1`] = `
Array [
  <button
    aria-label="login button"
    checked={false}
    className="MuiButtonBase-root MuiButton-root makeStyles-loginButton-1 MuiButton-outlined MuiButton-colorInherit"
    disabled={false}
    onBlur={[Function]}
    onClick={[Function]}
    onDragLeave={[Function]}
    onFocus={[Function]}
    onKeyDown={[Function]}
    onKeyUp={[Function]}
    onMouseDown={[Function]}
    onMouseLeave={[Function]}
    onMouseUp={[Function]}
    onTouchEnd={[Function]}
    onTouchMove={[Function]}
    onTouchStart={[Function]}
    tabIndex={0}
    type="button"
  >
    <span
      className="MuiButton-label"
    >
      Log in
    </span>
  </button>,
  <div
    className="sc-bwzfXH iEqZXq"
    onClick={[Function]}
    role="dialog"
  >
    <div
      className="sc-bdVaJa csVbKZ"
      role="grid"
    />
  </div>,
]
`;
