// Jest Snapshot v1, https://goo.gl/fbAQLP

exports[`LoginModal component should render properly 1`] = `
.c0 {
  display: block;
  position: absolute;
  width: 100vw;
  height: 100vh;
  top: 0;
  left: 0;
  background: rgba(0,0,0,0.5);
  overflow-y: hidden;
  z-index: 1;
}

<div
  class="c0"
  role="dialog"
/>
`;
