// Jest Snapshot v1, https://goo.gl/fbAQLP

exports[`MorePanel props should match the snapshot 1`] = `Object {}`;

exports[`MorePanel should match the snapshot 1`] = `
.c1 {
  background: transparent;
  border: none;
  display: inline-block;
  width: auto;
  border-right: none none #A3BAC3;
  border-left: none none #A3BAC3;
  color: #1F2023;
  font-size: 1.25rem;
  -webkit-transform: none;
  -ms-transform: none;
  transform: none;
  cursor: pointer;
}

.c0 {
  font-family: 'Helvetica Neue',Helvetica,Arial,sans-serif;
  display: -webkit-box;
  display: -webkit-flex;
  display: -ms-flexbox;
  display: flex;
  -webkit-box-pack: end;
  -webkit-justify-content: flex-end;
  -ms-flex-pack: end;
  justify-content: flex-end;
}

<MorePanel>
  <styled.div>
    <StyledComponent
      forwardedComponent={
        Object {
          "$$typeof": Symbol(react.forward_ref),
          "attrs": Array [],
          "componentStyle": ComponentStyle {
            "componentId": "sc-bwzfXH",
            "isStatic": true,
            "lastClassName": "c0",
            "rules": Array [
              "
  font-family: 'Helvetica Neue', Helvetica, Arial, sans-serif;
  display: flex;
  justify-content: flex-end;
",
            ],
          },
          "displayName": "styled.div",
          "foldedComponentIds": Array [],
          "render": [Function],
          "styledComponentId": "sc-bwzfXH",
          "target": "div",
          "toString": [Function],
          "warnTooManyClasses": [Function],
          "withComponent": [Function],
        }
      }
      forwardedRef={null}
    >
      <div
        className="c0"
      >
        <styled.button
          iconColor="#1F2023"
          iconSize="1.25rem"
          role="button"
          tabIndex="0"
        >
          <StyledComponent
            forwardedComponent={
              Object {
                "$$typeof": Symbol(react.forward_ref),
                "attrs": Array [],
                "componentStyle": ComponentStyle {
                  "componentId": "sc-bdVaJa",
                  "isStatic": false,
                  "lastClassName": "c1",
                  "rules": Array [
                    "
  background: transparent;
  border: none;
  display: inline-block;
  width: ",
                    [Function],
                    ";
  border-right: ",
                    [Function],
                    ";
  border-left: ",
                    [Function],
                    ";
  color: ",
                    [Function],
                    ";
  font-size: ",
                    [Function],
                    ";
  transform: ",
                    [Function],
                    ";
  cursor: pointer;
",
                  ],
                },
                "displayName": "styled.button",
                "foldedComponentIds": Array [],
                "render": [Function],
                "styledComponentId": "sc-bdVaJa",
                "target": "button",
                "toString": [Function],
                "warnTooManyClasses": [Function],
                "withComponent": [Function],
              }
            }
            forwardedRef={null}
            iconColor="#1F2023"
            iconSize="1.25rem"
            role="button"
            tabIndex="0"
          >
            <button
              className="c1"
              role="button"
              tabIndex="0"
            >
              <i
                className="icon-ellipsis"
              />
            </button>
          </StyledComponent>
        </styled.button>
      </div>
    </StyledComponent>
  </styled.div>
</MorePanel>
`;
